// Jest Snapshot v1, https://goo.gl/fbAQLP

exports[`Index is components 1`] = `
<DocumentFragment>
  <div
    class="css-0"
  >
    <header
      style="height: 50px; box-shadow: 0px 2px 2px rgba(0, 0, 0, 0.25);"
    >
      <img
        class="chakra-image css-16kb41"
        src="/logo.png"
      />
    </header>
    <main
      style="min-height: calc(100vh - 50px - 40px);"
    />
    <footer
      style="height: 40px; background-color: lightgray; display: flex;"
    >
      <img
        class="chakra-image css-0"
        src="/logo.png"
      />
      <p
        class="chakra-text css-0"
      />
    </footer>
  </div>
</DocumentFragment>
`;
